John Locke,jlocke@utdallas.edu,200401,Computer Science,Undergraduate
Jack Shepherd,jshepherd@utdallas.edu,200402,Computer Science,Undergraduate
Kate Austen,kausten@utdallas.edu,200403,Computer Science,Undergraduate
James Ford,jford@utdallas.edu,200404,Electrical and Electronics,Undergraduate
Hugo Reyes,hreyes@utdallas.edu,200405,Electrical and Electronics,Undergraduate
Ana Lucia,alucia@utdallas.edu,200405,Electrical and Electronics,Undergraduate
Sayid Jarrah,sjarrah@utdallas.edu,200406,Material Sciences,Graduate
Charlie Pace,cpace@utdallas.edu,200407,Material Sciences,Graduate
Shannon Rutherford,ssmith@utdallas.edu,200508,Material Sciences,Graduate
Boone Smith,bsmith@utdallas.edu,200509,Visual Arts,Graduate
Juliet Burke,jhansen@utdallas.edu,200510,Visual Arts,Graduate
Benjamin Linus,bfranklin@utdallas.edu,200511,Pyschology,Graduate
Jacob Dudd,jdudd@utdallas.edu,200512,Pyschology,Doctorate
Anakin Skywalker,lskywalker@utdallas.edu,198512,Jedi Arts,Doctorate
Darth Vader,dvader@utdallas.edu,198513,Dark Arts,Doctorate
Chancellor Palpatine,cpalpatine@utdallas.edu,198514,Sith History,Doctorate
Darth Maul,dmaul@utdallas.edu,198515,Sith History,Graduate
Yoda Adoy,yadoy@utdallas.edu,198516,Jedi Arts,Post Doctorate
